bun test v1.3.11 (af24e281)

 61 pass
 0 fail
 90 expect() calls
Ran 61 tests across 13 files. [15.70s]
